// Jest Snapshot v1, https://goo.gl/fbAQLP

exports[`Storyshots Design System/Atoms/Button Simple 1`] = `
<button
  className="css-5frmz7"
  type="button"
>
  Complete Survey
</button>
`;

exports[`Storyshots Design System/Atoms/Button Wyre Button 1`] = `
<button
  className="css-1fmbrex"
  type="button"
>
  Pay Now
</button>
`;

exports[`Storyshots Design System/Atoms/Layout Simple 1`] = `
<div
  className="css-1cmof0t"
>
  <div
    className="css-ossegd"
  >
    <div
      className="css-190g7c"
      style={
        Object {
          "overflow": "hidden",
        }
      }
    >
      <h1
        className="css-3svqc9"
      >
        Grid
      </h1>
      <p
        className="css-3svqc9"
      >
        This is a preview of a 24-column CSS grid using the Grid component
      </p>
    </div>
    <div
      className="css-1os7ad6"
      style={
        Object {
          "overflow": "hidden",
        }
      }
    >
      <div
        className="css-1ylqyso"
        tabIndex={0}
      >
        2 / 6
      </div>
    </div>
    <div
      className="css-1wmbscs"
      style={
        Object {
          "overflow": "hidden",
        }
      }
    >
      <div
        className="css-1ylqyso"
        tabIndex={0}
      >
        2 / 6
      </div>
    </div>
    <div
      className="css-xs0qaq"
      style={
        Object {
          "overflow": "hidden",
        }
      }
    >
      <div
        className="css-1ylqyso"
        tabIndex={0}
      >
        1 / 6
      </div>
    </div>
    <div
      className="css-xs0qaq"
      style={
        Object {
          "overflow": "hidden",
        }
      }
    >
      <div
        className="css-1ylqyso"
        tabIndex={0}
      >
        1 / 6
      </div>
    </div>
    <div
      className="css-xs0qaq"
      style={
        Object {
          "overflow": "hidden",
        }
      }
    >
      <div
        className="css-1ylqyso"
        tabIndex={0}
      >
        1 / 6
      </div>
    </div>
    <div
      className="css-xs0qaq"
      style={
        Object {
          "overflow": "hidden",
        }
      }
    >
      <div
        className="css-1ylqyso"
        tabIndex={0}
      >
        1 / 6
      </div>
    </div>
    <div
      className="css-xs0qaq"
      style={
        Object {
          "overflow": "hidden",
        }
      }
    >
      <div
        className="css-1ylqyso"
        tabIndex={0}
      >
        1 / 6
      </div>
    </div>
    <div
      className="css-xs0qaq"
      style={
        Object {
          "overflow": "hidden",
        }
      }
    >
      <div
        className="css-1ylqyso"
        tabIndex={0}
      >
        1 / 6
      </div>
    </div>
    <div
      className="css-xs0qaq"
      style={
        Object {
          "overflow": "hidden",
        }
      }
    >
      <div
        className="css-1ylqyso"
        tabIndex={0}
      >
        1 / 6
      </div>
    </div>
    <div
      className="css-xs0qaq"
      style={
        Object {
          "overflow": "hidden",
        }
      }
    >
      <div
        className="css-1ylqyso"
        tabIndex={0}
      >
        1 / 6
      </div>
    </div>
    <div
      className="css-xs0qaq"
      style={
        Object {
          "overflow": "hidden",
        }
      }
    >
      <div
        className="css-1ylqyso"
        tabIndex={0}
      >
        1 / 6
      </div>
    </div>
    <div
      className="css-1aioip2"
      style={
        Object {
          "overflow": "hidden",
        }
      }
    >
      <div
        className="css-1ylqyso"
        tabIndex={0}
      >
        3 / 6
      </div>
    </div>
  </div>
</div>
`;

exports[`Storyshots Design System/Atoms/Link Link Using Button As Element 1`] = `
<a
  href="https://spankchain.com"
  rel="noopener"
  target="_blank"
>
  <button
    className="css-1m7mqa3"
    type="button"
  >
    Here is a button link
  </button>
</a>
`;

exports[`Storyshots Design System/Atoms/Link Simple 1`] = `
Array [
  "This is a standard",
  " ",
  <a
    href="https://spankchain.com"
    rel="noopener"
    target="_blank"
  >
    link that goes somewhere
  </a>,
  ", click it.",
]
`;

exports[`Storyshots Design System/Atoms/Logo Simple 1`] = `
<svg
  className="css-xf3krr"
  height={102}
  viewBox="0 0 100 102"
  width={100}
  xmlns="http://www.w3.org/2000/svg"
>
  <path
    className="css-ssbyyp"
    clipRule="evenodd"
    d="M45.941 0L42.61 5.805l.748.434L31.49 3.483l-1.499 6.531 1.121.261-12.422.874.464 6.687 1.387-.097-11.865 4.58 2.389 6.26 1.268-.49L2.4 36.181l4.193 5.209.658-.536L.35 51.15l5.524 3.748.443-.661-3.6 11.845 6.372 1.96.207-.68v12.294h6.664v-.651l3.545 11.663 6.376-1.96-.201-.662 6.765 10.09 5.525-3.75-.468-.696 9.464 7.71 4.194-5.21-.724-.59 11.466 4.428 2.388-6.26-.61-.234 11.978.842.465-6.687-.922-.065 11.967-2.78-1.499-6.53-1.09.252 10.831-6.289-3.332-5.806-1.043.606 8.615-9.294-4.874-4.571-.81.874 5.546-11.438-5.99-2.94-.486 1.005 1.968-12.5-6.581-1.05-.139.878-1.939-12.316-6.582 1.048.047.298-5.17-10.664-5.99 2.939.173.354-8.06-8.695-4.874 4.572.403.435L45.942 0zm4.243 10.24l9.51 5.518 2.149-3.741 7.512 8.097 3.114-2.92 4.854 10.007 3.82-1.874 1.743 11.062 4.242-.675-1.744 11.067 4.437.706-4.89 10.079 4.056 1.988-7.603 8.196 3.296 3.09-9.624 5.587 2.234 3.89-10.783 2.502.99 4.31-10.998-.773-.303 4.329-10.279-3.967-1.525 3.995-8.53-6.944-2.749 3.413-6.154-9.172-3.602 2.44-3.236-10.642-4.166 1.28V59.89h-4.38l3.268-10.748-4.217-1.296 6.258-9.327-3.664-2.484 8.681-7.067-2.782-3.453 10.339-3.99-1.623-4.252 10.98-.772-.31-4.465 10.697 2.483.983-4.279z"
    fillRule="evenodd"
  />
  <path
    className="css-ssbyyp"
    clipRule="evenodd"
    d="M66.243 63.868L64.64 74.825l-9.046-2.166 1.556-10.512 9.093 1.721zm5.435-34.326l-6.632 31.159-6.679-.096 3.547-31.934 9.764.871zM56.294 32.18c-1.783-1.616-3.859-2.839-6.228-3.666-2.37-.826-4.692-1.241-6.967-1.241-1.897 0-3.773.236-5.631.705-1.858.47-3.526 1.213-5.005 2.227a11.808 11.808 0 00-3.583 3.892c-.91 1.58-1.365 3.478-1.365 5.696 0 1.805.293 3.337.882 4.596.587 1.26 1.365 2.332 2.332 3.214a12.657 12.657 0 003.298 2.172 33.906 33.906 0 003.782 1.466c1.327.415 2.512.8 3.555 1.157 1.043.357 1.914.752 2.617 1.184.7.432 1.24.912 1.62 1.438.379.526.569 1.166.569 1.918 0 .788-.152 1.466-.455 2.03a3.692 3.692 0 01-1.223 1.353 5.272 5.272 0 01-1.791.733 9.74 9.74 0 01-2.105.225c-1.592 0-3.195-.403-4.806-1.212-1.611-.808-2.91-1.813-3.896-3.017l-6.37 6.43c1.782 1.841 4.019 3.26 6.712 4.257a23.897 23.897 0 008.36 1.494c1.972 0 3.886-.263 5.745-.789 1.857-.526 3.506-1.334 4.948-2.426 1.44-1.09 2.587-2.47 3.44-4.145.854-1.672 1.28-3.655 1.28-5.949 0-1.992-.398-3.656-1.194-4.99a11.45 11.45 0 00-3.014-3.356 16.024 16.024 0 00-4.038-2.172 135.41 135.41 0 00-4.266-1.494c-.948-.3-1.802-.593-2.56-.874a11.18 11.18 0 01-1.961-.931c-.55-.338-.968-.733-1.252-1.184-.284-.451-.427-1.015-.427-1.692 0-.79.18-1.438.54-1.945a4.42 4.42 0 011.337-1.242 5.117 5.117 0 011.792-.648 11.661 11.661 0 011.962-.169c1.251 0 2.55.31 3.896.93 1.345.621 2.436 1.458 3.27 2.51l6.2-6.486z"
    fillRule="evenodd"
  />
</svg>
`;

exports[`Storyshots Design System/Molecules/CounterWidget Simple 1`] = `
<div
  className="css-izh4hw"
>
  <span
    className="css-qmjxsm"
  >
    Counter:Â 
    1
  </span>
  <button
    className="css-1m7mqa3"
    onClick={[Function]}
    type="button"
  >
    Increase
  </button>
</div>
`;

exports[`Storyshots Design System/Organisms/Footer Simple 1`] = `
<footer
  className="css-6wl9br"
>
  <a
    href="https://zeit.co?utm_source=create-next-app&utm_medium=default-template&utm_campaign=create-next-app"
    rel="noopener noreferrer"
    target="_blank"
  >
    Powered by 
    <img
      alt="ZEIT Logo"
      src="/zeit.svg"
    />
  </a>
</footer>
`;

exports[`Storyshots Design System/Organisms/Header Simple 1`] = `
<header
  className="css-1dswlej"
>
  <div
    className="css-8yjhfi"
  >
    <div
      className="css-iewaci"
    >
      <svg
        className="css-xf3krr"
        height={102}
        viewBox="0 0 100 102"
        width={100}
        xmlns="http://www.w3.org/2000/svg"
      >
        <path
          className="css-ssbyyp"
          clipRule="evenodd"
          d="M45.941 0L42.61 5.805l.748.434L31.49 3.483l-1.499 6.531 1.121.261-12.422.874.464 6.687 1.387-.097-11.865 4.58 2.389 6.26 1.268-.49L2.4 36.181l4.193 5.209.658-.536L.35 51.15l5.524 3.748.443-.661-3.6 11.845 6.372 1.96.207-.68v12.294h6.664v-.651l3.545 11.663 6.376-1.96-.201-.662 6.765 10.09 5.525-3.75-.468-.696 9.464 7.71 4.194-5.21-.724-.59 11.466 4.428 2.388-6.26-.61-.234 11.978.842.465-6.687-.922-.065 11.967-2.78-1.499-6.53-1.09.252 10.831-6.289-3.332-5.806-1.043.606 8.615-9.294-4.874-4.571-.81.874 5.546-11.438-5.99-2.94-.486 1.005 1.968-12.5-6.581-1.05-.139.878-1.939-12.316-6.582 1.048.047.298-5.17-10.664-5.99 2.939.173.354-8.06-8.695-4.874 4.572.403.435L45.942 0zm4.243 10.24l9.51 5.518 2.149-3.741 7.512 8.097 3.114-2.92 4.854 10.007 3.82-1.874 1.743 11.062 4.242-.675-1.744 11.067 4.437.706-4.89 10.079 4.056 1.988-7.603 8.196 3.296 3.09-9.624 5.587 2.234 3.89-10.783 2.502.99 4.31-10.998-.773-.303 4.329-10.279-3.967-1.525 3.995-8.53-6.944-2.749 3.413-6.154-9.172-3.602 2.44-3.236-10.642-4.166 1.28V59.89h-4.38l3.268-10.748-4.217-1.296 6.258-9.327-3.664-2.484 8.681-7.067-2.782-3.453 10.339-3.99-1.623-4.252 10.98-.772-.31-4.465 10.697 2.483.983-4.279z"
          fillRule="evenodd"
        />
        <path
          className="css-ssbyyp"
          clipRule="evenodd"
          d="M66.243 63.868L64.64 74.825l-9.046-2.166 1.556-10.512 9.093 1.721zm5.435-34.326l-6.632 31.159-6.679-.096 3.547-31.934 9.764.871zM56.294 32.18c-1.783-1.616-3.859-2.839-6.228-3.666-2.37-.826-4.692-1.241-6.967-1.241-1.897 0-3.773.236-5.631.705-1.858.47-3.526 1.213-5.005 2.227a11.808 11.808 0 00-3.583 3.892c-.91 1.58-1.365 3.478-1.365 5.696 0 1.805.293 3.337.882 4.596.587 1.26 1.365 2.332 2.332 3.214a12.657 12.657 0 003.298 2.172 33.906 33.906 0 003.782 1.466c1.327.415 2.512.8 3.555 1.157 1.043.357 1.914.752 2.617 1.184.7.432 1.24.912 1.62 1.438.379.526.569 1.166.569 1.918 0 .788-.152 1.466-.455 2.03a3.692 3.692 0 01-1.223 1.353 5.272 5.272 0 01-1.791.733 9.74 9.74 0 01-2.105.225c-1.592 0-3.195-.403-4.806-1.212-1.611-.808-2.91-1.813-3.896-3.017l-6.37 6.43c1.782 1.841 4.019 3.26 6.712 4.257a23.897 23.897 0 008.36 1.494c1.972 0 3.886-.263 5.745-.789 1.857-.526 3.506-1.334 4.948-2.426 1.44-1.09 2.587-2.47 3.44-4.145.854-1.672 1.28-3.655 1.28-5.949 0-1.992-.398-3.656-1.194-4.99a11.45 11.45 0 00-3.014-3.356 16.024 16.024 0 00-4.038-2.172 135.41 135.41 0 00-4.266-1.494c-.948-.3-1.802-.593-2.56-.874a11.18 11.18 0 01-1.961-.931c-.55-.338-.968-.733-1.252-1.184-.284-.451-.427-1.015-.427-1.692 0-.79.18-1.438.54-1.945a4.42 4.42 0 011.337-1.242 5.117 5.117 0 011.792-.648 11.661 11.661 0 011.962-.169c1.251 0 2.55.31 3.896.93 1.345.621 2.436 1.458 3.27 2.51l6.2-6.486z"
          fillRule="evenodd"
        />
      </svg>
    </div>
    <div
      className="css-iewaci"
    >
      <a
        className="css-1wmzvnn"
        href="/other-page"
        onClick={[Function]}
        onMouseEnter={[Function]}
      >
        Other page (not exist)
      </a>
    </div>
  </div>
</header>
`;

exports[`Storyshots Design System/Organisms/HomeWidget Simple 1`] = `
Array [
  <h3>
    Welcome to 
    <a
      href="https://nextjs.org"
    >
      Next.js!
    </a>
  </h3>,
  <div
    className="css-izh4hw"
  >
    <span
      className="css-qmjxsm"
    >
      Counter:Â 
      1
    </span>
    <button
      className="css-1m7mqa3"
      onClick={[Function]}
      type="button"
    >
      Increase
    </button>
  </div>,
]
`;

exports[`Storyshots Design System/Pages/HomePage Connected 1`] = `
<div
  className="css-16qos8w"
>
  <header
    className="css-1dswlej"
  >
    <div
      className="css-8yjhfi"
    >
      <div
        className="css-iewaci"
      >
        <svg
          className="css-xf3krr"
          height={102}
          viewBox="0 0 100 102"
          width={100}
          xmlns="http://www.w3.org/2000/svg"
        >
          <path
            className="css-ssbyyp"
            clipRule="evenodd"
            d="M45.941 0L42.61 5.805l.748.434L31.49 3.483l-1.499 6.531 1.121.261-12.422.874.464 6.687 1.387-.097-11.865 4.58 2.389 6.26 1.268-.49L2.4 36.181l4.193 5.209.658-.536L.35 51.15l5.524 3.748.443-.661-3.6 11.845 6.372 1.96.207-.68v12.294h6.664v-.651l3.545 11.663 6.376-1.96-.201-.662 6.765 10.09 5.525-3.75-.468-.696 9.464 7.71 4.194-5.21-.724-.59 11.466 4.428 2.388-6.26-.61-.234 11.978.842.465-6.687-.922-.065 11.967-2.78-1.499-6.53-1.09.252 10.831-6.289-3.332-5.806-1.043.606 8.615-9.294-4.874-4.571-.81.874 5.546-11.438-5.99-2.94-.486 1.005 1.968-12.5-6.581-1.05-.139.878-1.939-12.316-6.582 1.048.047.298-5.17-10.664-5.99 2.939.173.354-8.06-8.695-4.874 4.572.403.435L45.942 0zm4.243 10.24l9.51 5.518 2.149-3.741 7.512 8.097 3.114-2.92 4.854 10.007 3.82-1.874 1.743 11.062 4.242-.675-1.744 11.067 4.437.706-4.89 10.079 4.056 1.988-7.603 8.196 3.296 3.09-9.624 5.587 2.234 3.89-10.783 2.502.99 4.31-10.998-.773-.303 4.329-10.279-3.967-1.525 3.995-8.53-6.944-2.749 3.413-6.154-9.172-3.602 2.44-3.236-10.642-4.166 1.28V59.89h-4.38l3.268-10.748-4.217-1.296 6.258-9.327-3.664-2.484 8.681-7.067-2.782-3.453 10.339-3.99-1.623-4.252 10.98-.772-.31-4.465 10.697 2.483.983-4.279z"
            fillRule="evenodd"
          />
          <path
            className="css-ssbyyp"
            clipRule="evenodd"
            d="M66.243 63.868L64.64 74.825l-9.046-2.166 1.556-10.512 9.093 1.721zm5.435-34.326l-6.632 31.159-6.679-.096 3.547-31.934 9.764.871zM56.294 32.18c-1.783-1.616-3.859-2.839-6.228-3.666-2.37-.826-4.692-1.241-6.967-1.241-1.897 0-3.773.236-5.631.705-1.858.47-3.526 1.213-5.005 2.227a11.808 11.808 0 00-3.583 3.892c-.91 1.58-1.365 3.478-1.365 5.696 0 1.805.293 3.337.882 4.596.587 1.26 1.365 2.332 2.332 3.214a12.657 12.657 0 003.298 2.172 33.906 33.906 0 003.782 1.466c1.327.415 2.512.8 3.555 1.157 1.043.357 1.914.752 2.617 1.184.7.432 1.24.912 1.62 1.438.379.526.569 1.166.569 1.918 0 .788-.152 1.466-.455 2.03a3.692 3.692 0 01-1.223 1.353 5.272 5.272 0 01-1.791.733 9.74 9.74 0 01-2.105.225c-1.592 0-3.195-.403-4.806-1.212-1.611-.808-2.91-1.813-3.896-3.017l-6.37 6.43c1.782 1.841 4.019 3.26 6.712 4.257a23.897 23.897 0 008.36 1.494c1.972 0 3.886-.263 5.745-.789 1.857-.526 3.506-1.334 4.948-2.426 1.44-1.09 2.587-2.47 3.44-4.145.854-1.672 1.28-3.655 1.28-5.949 0-1.992-.398-3.656-1.194-4.99a11.45 11.45 0 00-3.014-3.356 16.024 16.024 0 00-4.038-2.172 135.41 135.41 0 00-4.266-1.494c-.948-.3-1.802-.593-2.56-.874a11.18 11.18 0 01-1.961-.931c-.55-.338-.968-.733-1.252-1.184-.284-.451-.427-1.015-.427-1.692 0-.79.18-1.438.54-1.945a4.42 4.42 0 011.337-1.242 5.117 5.117 0 011.792-.648 11.661 11.661 0 011.962-.169c1.251 0 2.55.31 3.896.93 1.345.621 2.436 1.458 3.27 2.51l6.2-6.486z"
            fillRule="evenodd"
          />
        </svg>
      </div>
      <div
        className="css-iewaci"
      >
        <a
          className="css-1wmzvnn"
          href="/other-page"
          onClick={[Function]}
          onMouseEnter={[Function]}
        >
          Other page (not exist)
        </a>
      </div>
    </div>
  </header>
  <main
    className="css-1xi3g5p"
  >
    <h3>
      Welcome to 
      <a
        href="https://nextjs.org"
      >
        Next.js!
      </a>
    </h3>
    <div
      className="css-izh4hw"
    >
      <span
        className="css-qmjxsm"
      >
        Counter:Â 
        0
      </span>
      <button
        className="css-1m7mqa3"
        onClick={[Function]}
        type="button"
      >
        Increase
      </button>
    </div>
  </main>
  <footer
    className="css-6wl9br"
  >
    <a
      href="https://zeit.co?utm_source=create-next-app&utm_medium=default-template&utm_campaign=create-next-app"
      rel="noopener noreferrer"
      target="_blank"
    >
      Powered by 
      <img
        alt="ZEIT Logo"
        src="/zeit.svg"
      />
    </a>
  </footer>
</div>
`;

exports[`Storyshots Design System/Templates/DefaultTemplate Simple 1`] = `
<div
  className="css-16qos8w"
>
  <header
    className="css-1dswlej"
  >
    <div
      className="css-8yjhfi"
    >
      <div
        className="css-iewaci"
      >
        <svg
          className="css-xf3krr"
          height={102}
          viewBox="0 0 100 102"
          width={100}
          xmlns="http://www.w3.org/2000/svg"
        >
          <path
            className="css-ssbyyp"
            clipRule="evenodd"
            d="M45.941 0L42.61 5.805l.748.434L31.49 3.483l-1.499 6.531 1.121.261-12.422.874.464 6.687 1.387-.097-11.865 4.58 2.389 6.26 1.268-.49L2.4 36.181l4.193 5.209.658-.536L.35 51.15l5.524 3.748.443-.661-3.6 11.845 6.372 1.96.207-.68v12.294h6.664v-.651l3.545 11.663 6.376-1.96-.201-.662 6.765 10.09 5.525-3.75-.468-.696 9.464 7.71 4.194-5.21-.724-.59 11.466 4.428 2.388-6.26-.61-.234 11.978.842.465-6.687-.922-.065 11.967-2.78-1.499-6.53-1.09.252 10.831-6.289-3.332-5.806-1.043.606 8.615-9.294-4.874-4.571-.81.874 5.546-11.438-5.99-2.94-.486 1.005 1.968-12.5-6.581-1.05-.139.878-1.939-12.316-6.582 1.048.047.298-5.17-10.664-5.99 2.939.173.354-8.06-8.695-4.874 4.572.403.435L45.942 0zm4.243 10.24l9.51 5.518 2.149-3.741 7.512 8.097 3.114-2.92 4.854 10.007 3.82-1.874 1.743 11.062 4.242-.675-1.744 11.067 4.437.706-4.89 10.079 4.056 1.988-7.603 8.196 3.296 3.09-9.624 5.587 2.234 3.89-10.783 2.502.99 4.31-10.998-.773-.303 4.329-10.279-3.967-1.525 3.995-8.53-6.944-2.749 3.413-6.154-9.172-3.602 2.44-3.236-10.642-4.166 1.28V59.89h-4.38l3.268-10.748-4.217-1.296 6.258-9.327-3.664-2.484 8.681-7.067-2.782-3.453 10.339-3.99-1.623-4.252 10.98-.772-.31-4.465 10.697 2.483.983-4.279z"
            fillRule="evenodd"
          />
          <path
            className="css-ssbyyp"
            clipRule="evenodd"
            d="M66.243 63.868L64.64 74.825l-9.046-2.166 1.556-10.512 9.093 1.721zm5.435-34.326l-6.632 31.159-6.679-.096 3.547-31.934 9.764.871zM56.294 32.18c-1.783-1.616-3.859-2.839-6.228-3.666-2.37-.826-4.692-1.241-6.967-1.241-1.897 0-3.773.236-5.631.705-1.858.47-3.526 1.213-5.005 2.227a11.808 11.808 0 00-3.583 3.892c-.91 1.58-1.365 3.478-1.365 5.696 0 1.805.293 3.337.882 4.596.587 1.26 1.365 2.332 2.332 3.214a12.657 12.657 0 003.298 2.172 33.906 33.906 0 003.782 1.466c1.327.415 2.512.8 3.555 1.157 1.043.357 1.914.752 2.617 1.184.7.432 1.24.912 1.62 1.438.379.526.569 1.166.569 1.918 0 .788-.152 1.466-.455 2.03a3.692 3.692 0 01-1.223 1.353 5.272 5.272 0 01-1.791.733 9.74 9.74 0 01-2.105.225c-1.592 0-3.195-.403-4.806-1.212-1.611-.808-2.91-1.813-3.896-3.017l-6.37 6.43c1.782 1.841 4.019 3.26 6.712 4.257a23.897 23.897 0 008.36 1.494c1.972 0 3.886-.263 5.745-.789 1.857-.526 3.506-1.334 4.948-2.426 1.44-1.09 2.587-2.47 3.44-4.145.854-1.672 1.28-3.655 1.28-5.949 0-1.992-.398-3.656-1.194-4.99a11.45 11.45 0 00-3.014-3.356 16.024 16.024 0 00-4.038-2.172 135.41 135.41 0 00-4.266-1.494c-.948-.3-1.802-.593-2.56-.874a11.18 11.18 0 01-1.961-.931c-.55-.338-.968-.733-1.252-1.184-.284-.451-.427-1.015-.427-1.692 0-.79.18-1.438.54-1.945a4.42 4.42 0 011.337-1.242 5.117 5.117 0 011.792-.648 11.661 11.661 0 011.962-.169c1.251 0 2.55.31 3.896.93 1.345.621 2.436 1.458 3.27 2.51l6.2-6.486z"
            fillRule="evenodd"
          />
        </svg>
      </div>
      <div
        className="css-iewaci"
      >
        <a
          className="css-1wmzvnn"
          href="/other-page"
          onClick={[Function]}
          onMouseEnter={[Function]}
        >
          Other page (not exist)
        </a>
      </div>
    </div>
  </header>
  <main
    className="css-1xi3g5p"
  >
    Content
  </main>
  <footer
    className="css-6wl9br"
  >
    <a
      href="https://zeit.co?utm_source=create-next-app&utm_medium=default-template&utm_campaign=create-next-app"
      rel="noopener noreferrer"
      target="_blank"
    >
      Powered by 
      <img
        alt="ZEIT Logo"
        src="/zeit.svg"
      />
    </a>
  </footer>
</div>
`;
